[2026-09-25T09:09:41,140][INFO ][o.e.n.Node               ] [cycle6-local] version[7.17.9], pid[98593], build[default/tar/ef48222227ee6b9e70e502f0f0daa52435ee634d/2023-01-31T05:34:43.305517834Z], OS[Mac OS X/26.6/aarch64], JVM[Oracle Corporation/OpenJDK 64-Bit Server VM/19.0.2/19.0.2+7-44]
[2026-09-25T09:09:41,143][INFO ][o.e.n.Node               ] [cycle6-local] JVM home [/Users/zhangzijian/Library/CloudStorage/OneDrive-个人/多平台博客撰写/data/research_cycle6/elasticsearch-7.17.9/jdk.app/Contents/Home], using bundled JDK [true]
[2026-09-25T09:09:41,143][INFO ][o.e.n.Node               ] [cycle6-local] JVM arguments [-Xshare:auto, -Des.networkaddress.cache.ttl=60, -Des.networkaddress.cache.negative.ttl=10, -XX:+AlwaysPreTouch, -Xss1m, -Djava.awt.headless=true, -Dfile.encoding=UTF-8, -Djna.nosys=true, -XX:-OmitStackTraceInFastThrow, -XX:+ShowCodeDetailsInExceptionMessages, -Dio.netty.noUnsafe=true, -Dio.netty.noKeySetOptimization=true, -Dio.netty.recycler.maxCapacityPerThread=0, -Dio.netty.allocator.numDirectArenas=0, -Dlog4j.shutdownHookEnabled=false, -Dlog4j2.disable.jmx=true, -Dlog4j2.formatMsgNoLookups=true, -Djava.locale.providers=SPI,COMPAT, --add-opens=java.base/java.io=ALL-UNNAMED, -Djava.security.manager=allow, -XX:+UseG1GC, -Djava.io.tmpdir=/var/folders/yq/wvy2n_m57nx_js7032n9s_7c0000gn/T/elasticsearch-4726889507921605095, -XX:+HeapDumpOnOutOfMemoryError, -XX:+ExitOnOutOfMemoryError, -XX:HeapDumpPath=data, -XX:ErrorFile=logs/hs_err_pid%p.log, -Xlog:gc*,gc+age=trace,safepoint:file=logs/gc.log:utctime,pid,tags:filecount=32,filesize=64m, -Xms512m, -Xmx512m, -XX:MaxDirectMemorySize=268435456, -XX:G1HeapRegionSize=4m, -XX:InitiatingHeapOccupancyPercent=30, -XX:G1ReservePercent=15, -Des.path.home=/Users/zhangzijian/Library/CloudStorage/OneDrive-个人/多平台博客撰写/data/research_cycle6/elasticsearch-7.17.9, -Des.path.conf=/Users/zhangzijian/Library/CloudStorage/OneDrive-个人/多平台博客撰写/data/research_cycle6/elasticsearch-7.17.9/config, -Des.distribution.flavor=default, -Des.distribution.type=tar, -Des.bundled_jdk=true]
[2026-09-25T09:09:42,647][INFO ][o.e.p.PluginsService     ] [cycle6-local] loaded module [aggs-matrix-stats]
[2026-09-25T09:09:42,648][INFO ][o.e.p.PluginsService     ] [cycle6-local] loaded module [analysis-common]
[2026-09-25T09:09:42,648][INFO ][o.e.p.PluginsService     ] [cycle6-local] loaded module [constant-keyword]
[2026-09-25T09:09:42,648][INFO ][o.e.p.PluginsService     ] [cycle6-local] loaded module [frozen-indices]
[2026-09-25T09:09:42,648][INFO ][o.e.p.PluginsService     ] [cycle6-local] loaded module [ingest-common]
[2026-09-25T09:09:42,648][INFO ][o.e.p.PluginsService     ] [cycle6-local] loaded module [ingest-geoip]
[2026-09-25T09:09:42,648][INFO ][o.e.p.PluginsService     ] [cycle6-local] loaded module [ingest-user-agent]
[2026-09-25T09:09:42,648][INFO ][o.e.p.PluginsService     ] [cycle6-local] loaded module [kibana]
[2026-09-25T09:09:42,648][INFO ][o.e.p.PluginsService     ] [cycle6-local] loaded module [lang-expression]
[2026-09-25T09:09:42,648][INFO ][o.e.p.PluginsService     ] [cycle6-local] loaded module [lang-mustache]
[2026-09-25T09:09:42,649][INFO ][o.e.p.PluginsService     ] [cycle6-local] loaded module [lang-painless]
[2026-09-25T09:09:42,649][INFO ][o.e.p.PluginsService     ] [cycle6-local] loaded module [legacy-geo]
[2026-09-25T09:09:42,649][INFO ][o.e.p.PluginsService     ] [cycle6-local] loaded module [mapper-extras]
[2026-09-25T09:09:42,649][INFO ][o.e.p.PluginsService     ] [cycle6-local] loaded module [mapper-version]
[2026-09-25T09:09:42,649][INFO ][o.e.p.PluginsService     ] [cycle6-local] loaded module [parent-join]
[2026-09-25T09:09:42,649][INFO ][o.e.p.PluginsService     ] [cycle6-local] loaded module [percolator]
[2026-09-25T09:09:42,649][INFO ][o.e.p.PluginsService     ] [cycle6-local] loaded module [rank-eval]
[2026-09-25T09:09:42,649][INFO ][o.e.p.PluginsService     ] [cycle6-local] loaded module [reindex]
[2026-09-25T09:09:42,649][INFO ][o.e.p.PluginsService     ] [cycle6-local] loaded module [repositories-metering-api]
[2026-09-25T09:09:42,650][INFO ][o.e.p.PluginsService     ] [cycle6-local] loaded module [repository-encrypted]
[2026-09-25T09:09:42,650][INFO ][o.e.p.PluginsService     ] [cycle6-local] loaded module [repository-url]
[2026-09-25T09:09:42,650][INFO ][o.e.p.PluginsService     ] [cycle6-local] loaded module [runtime-fields-common]
[2026-09-25T09:09:42,650][INFO ][o.e.p.PluginsService     ] [cycle6-local] loaded module [search-business-rules]
[2026-09-25T09:09:42,650][INFO ][o.e.p.PluginsService     ] [cycle6-local] loaded module [searchable-snapshots]
[2026-09-25T09:09:42,650][INFO ][o.e.p.PluginsService     ] [cycle6-local] loaded module [snapshot-repo-test-kit]
[2026-09-25T09:09:42,650][INFO ][o.e.p.PluginsService     ] [cycle6-local] loaded module [spatial]
[2026-09-25T09:09:42,650][INFO ][o.e.p.PluginsService     ] [cycle6-local] loaded module [transform]
[2026-09-25T09:09:42,650][INFO ][o.e.p.PluginsService     ] [cycle6-local] loaded module [transport-netty4]
[2026-09-25T09:09:42,650][INFO ][o.e.p.PluginsService     ] [cycle6-local] loaded module [unsigned-long]
[2026-09-25T09:09:42,650][INFO ][o.e.p.PluginsService     ] [cycle6-local] loaded module [vector-tile]
[2026-09-25T09:09:42,651][INFO ][o.e.p.PluginsService     ] [cycle6-local] loaded module [vectors]
[2026-09-25T09:09:42,651][INFO ][o.e.p.PluginsService     ] [cycle6-local] loaded module [wildcard]
[2026-09-25T09:09:42,651][INFO ][o.e.p.PluginsService     ] [cycle6-local] loaded module [x-pack-aggregate-metric]
[2026-09-25T09:09:42,651][INFO ][o.e.p.PluginsService     ] [cycle6-local] loaded module [x-pack-analytics]
[2026-09-25T09:09:42,651][INFO ][o.e.p.PluginsService     ] [cycle6-local] loaded module [x-pack-async]
[2026-09-25T09:09:42,651][INFO ][o.e.p.PluginsService     ] [cycle6-local] loaded module [x-pack-async-search]
[2026-09-25T09:09:42,651][INFO ][o.e.p.PluginsService     ] [cycle6-local] loaded module [x-pack-autoscaling]
[2026-09-25T09:09:42,651][INFO ][o.e.p.PluginsService     ] [cycle6-local] loaded module [x-pack-ccr]
[2026-09-25T09:09:42,651][INFO ][o.e.p.PluginsService     ] [cycle6-local] loaded module [x-pack-core]
[2026-09-25T09:09:42,651][INFO ][o.e.p.PluginsService     ] [cycle6-local] loaded module [x-pack-data-streams]
[2026-09-25T09:09:42,652][INFO ][o.e.p.PluginsService     ] [cycle6-local] loaded module [x-pack-deprecation]
[2026-09-25T09:09:42,652][INFO ][o.e.p.PluginsService     ] [cycle6-local] loaded module [x-pack-enrich]
[2026-09-25T09:09:42,652][INFO ][o.e.p.PluginsService     ] [cycle6-local] loaded module [x-pack-eql]
[2026-09-25T09:09:42,652][INFO ][o.e.p.PluginsService     ] [cycle6-local] loaded module [x-pack-fleet]
[2026-09-25T09:09:42,652][INFO ][o.e.p.PluginsService     ] [cycle6-local] loaded module [x-pack-graph]
[2026-09-25T09:09:42,652][INFO ][o.e.p.PluginsService     ] [cycle6-local] loaded module [x-pack-identity-provider]
[2026-09-25T09:09:42,652][INFO ][o.e.p.PluginsService     ] [cycle6-local] loaded module [x-pack-ilm]
[2026-09-25T09:09:42,652][INFO ][o.e.p.PluginsService     ] [cycle6-local] loaded module [x-pack-logstash]
[2026-09-25T09:09:42,652][INFO ][o.e.p.PluginsService     ] [cycle6-local] loaded module [x-pack-ml]
[2026-09-25T09:09:42,652][INFO ][o.e.p.PluginsService     ] [cycle6-local] loaded module [x-pack-monitoring]
[2026-09-25T09:09:42,652][INFO ][o.e.p.PluginsService     ] [cycle6-local] loaded module [x-pack-ql]
[2026-09-25T09:09:42,652][INFO ][o.e.p.PluginsService     ] [cycle6-local] loaded module [x-pack-rollup]
[2026-09-25T09:09:42,653][INFO ][o.e.p.PluginsService     ] [cycle6-local] loaded module [x-pack-security]
[2026-09-25T09:09:42,653][INFO ][o.e.p.PluginsService     ] [cycle6-local] loaded module [x-pack-shutdown]
[2026-09-25T09:09:42,653][INFO ][o.e.p.PluginsService     ] [cycle6-local] loaded module [x-pack-sql]
[2026-09-25T09:09:42,653][INFO ][o.e.p.PluginsService     ] [cycle6-local] loaded module [x-pack-stack]
[2026-09-25T09:09:42,653][INFO ][o.e.p.PluginsService     ] [cycle6-local] loaded module [x-pack-text-structure]
[2026-09-25T09:09:42,653][INFO ][o.e.p.PluginsService     ] [cycle6-local] loaded module [x-pack-voting-only-node]
[2026-09-25T09:09:42,653][INFO ][o.e.p.PluginsService     ] [cycle6-local] loaded module [x-pack-watcher]
[2026-09-25T09:09:42,653][INFO ][o.e.p.PluginsService     ] [cycle6-local] no plugins loaded
[2026-09-25T09:09:42,665][INFO ][o.e.e.NodeEnvironment    ] [cycle6-local] using [1] data paths, mounts [[/System/Volumes/Data (/dev/disk3s5)]], net usable_space [175.8gb], net total_space [926.3gb], types [apfs]
[2026-09-25T09:09:42,666][INFO ][o.e.e.NodeEnvironment    ] [cycle6-local] heap size [512mb], compressed ordinary object pointers [true]
[2026-09-25T09:09:42,680][INFO ][o.e.n.Node               ] [cycle6-local] node name [cycle6-local], node ID [TEPPtcwjRpaT1ru27p13hg], cluster name [cycle6-082], roles [transform, data_frozen, master, remote_cluster_client, data, data_content, data_hot, data_warm, data_cold, ingest]
[2026-09-25T09:09:44,767][INFO ][o.e.i.g.ConfigDatabases  ] [cycle6-local] initialized default databases [[GeoLite2-Country.mmdb, GeoLite2-City.mmdb, GeoLite2-ASN.mmdb]], config databases [[]] and watching [/Users/zhangzijian/Library/CloudStorage/OneDrive-个人/多平台博客撰写/data/research_cycle6/elasticsearch-7.17.9/config/ingest-geoip] for changes
[2026-09-25T09:09:44,767][INFO ][o.e.i.g.DatabaseNodeService] [cycle6-local] initialized database registry, using geoip-databases directory [/var/folders/yq/wvy2n_m57nx_js7032n9s_7c0000gn/T/elasticsearch-4726889507921605095/geoip-databases/TEPPtcwjRpaT1ru27p13hg]
[2026-09-25T09:09:44,958][INFO ][o.e.t.NettyAllocator     ] [cycle6-local] creating NettyAllocator with the following configs: [name=unpooled, suggested_max_allocation_size=1mb, factors={es.unsafe.use_unpooled_allocator=null, g1gc_enabled=true, g1gc_region_size=4mb, heap_size=512mb}]
[2026-09-25T09:09:44,970][INFO ][o.e.i.r.RecoverySettings ] [cycle6-local] using rate limit [40mb] with [default=40mb, read=0b, write=0b, max=0b]
[2026-09-25T09:09:44,985][INFO ][o.e.d.DiscoveryModule    ] [cycle6-local] using discovery type [single-node] and seed hosts providers [settings]
[2026-09-25T09:09:45,140][INFO ][o.e.g.DanglingIndicesState] [cycle6-local] gateway.auto_import_dangling_indices is disabled, dangling indices will not be automatically detected or imported and must be managed manually
[2026-09-25T09:09:45,320][INFO ][o.e.n.Node               ] [cycle6-local] initialized
[2026-09-25T09:09:45,320][INFO ][o.e.n.Node               ] [cycle6-local] starting ...
[2026-09-25T09:09:45,337][INFO ][o.e.x.s.c.f.PersistentCache] [cycle6-local] persistent cache index loaded
[2026-09-25T09:09:45,337][INFO ][o.e.x.d.l.DeprecationIndexingComponent] [cycle6-local] deprecation component started
[2026-09-25T09:09:45,393][INFO ][o.e.t.TransportService   ] [cycle6-local] publish_address {127.0.0.1:19382}, bound_addresses {127.0.0.1:19382}
[2026-09-25T09:09:45,398][INFO ][o.e.x.m.Monitoring       ] [cycle6-local] creating template [.monitoring-alerts-7] with version [7]
[2026-09-25T09:09:45,401][INFO ][o.e.x.m.Monitoring       ] [cycle6-local] creating template [.monitoring-es] with version [7]
[2026-09-25T09:09:45,402][INFO ][o.e.x.m.Monitoring       ] [cycle6-local] creating template [.monitoring-kibana] with version [7]
[2026-09-25T09:09:45,403][INFO ][o.e.x.m.Monitoring       ] [cycle6-local] creating template [.monitoring-logstash] with version [7]
[2026-09-25T09:09:45,404][INFO ][o.e.x.m.Monitoring       ] [cycle6-local] creating template [.monitoring-beats] with version [7]
[2026-09-25T09:09:45,485][INFO ][o.e.c.c.Coordinator      ] [cycle6-local] setting initial configuration to VotingConfiguration{TEPPtcwjRpaT1ru27p13hg}
[2026-09-25T09:09:45,577][INFO ][o.e.c.s.MasterService    ] [cycle6-local] elected-as-master ([1] nodes joined)[{cycle6-local}{TEPPtcwjRpaT1ru27p13hg}{x0Duli0EQr6csqzfREitYA}{127.0.0.1}{127.0.0.1:19382}{cdfhimrstw} elect leader, _BECOME_MASTER_TASK_, _FINISH_ELECTION_], term: 1, version: 1, delta: master node changed {previous [], current [{cycle6-local}{TEPPtcwjRpaT1ru27p13hg}{x0Duli0EQr6csqzfREitYA}{127.0.0.1}{127.0.0.1:19382}{cdfhimrstw}]}
[2026-09-25T09:09:45,612][INFO ][o.e.c.c.CoordinationState] [cycle6-local] cluster UUID set to [5af_MimtQdWeAC4HmknMaw]
[2026-09-25T09:09:45,651][INFO ][o.e.c.s.ClusterApplierService] [cycle6-local] master node changed {previous [], current [{cycle6-local}{TEPPtcwjRpaT1ru27p13hg}{x0Duli0EQr6csqzfREitYA}{127.0.0.1}{127.0.0.1:19382}{cdfhimrstw}]}, term: 1, version: 1, reason: Publication{term=1, version=1}
[2026-09-25T09:09:45,670][INFO ][o.e.h.AbstractHttpServerTransport] [cycle6-local] publish_address {127.0.0.1:19282}, bound_addresses {127.0.0.1:19282}
[2026-09-25T09:09:45,671][INFO ][o.e.n.Node               ] [cycle6-local] started
[2026-09-25T09:09:45,719][INFO ][o.e.g.GatewayService     ] [cycle6-local] recovered [0] indices into cluster_state
[2026-09-25T09:09:45,775][INFO ][o.e.c.m.MetadataIndexTemplateService] [cycle6-local] adding component template [synthetics-settings]
[2026-09-25T09:09:45,816][INFO ][o.e.c.m.MetadataIndexTemplateService] [cycle6-local] adding component template [metrics-mappings]
[2026-09-25T09:09:45,846][INFO ][o.e.c.m.MetadataIndexTemplateService] [cycle6-local] adding component template [logs-mappings]
[2026-09-25T09:09:45,891][INFO ][o.e.c.m.MetadataIndexTemplateService] [cycle6-local] adding component template [data-streams-mappings]
[2026-09-25T09:09:45,927][INFO ][o.e.c.m.MetadataIndexTemplateService] [cycle6-local] adding component template [logs-settings]
[2026-09-25T09:09:45,955][INFO ][o.e.c.m.MetadataIndexTemplateService] [cycle6-local] adding component template [synthetics-mappings]
[2026-09-25T09:09:45,983][INFO ][o.e.c.m.MetadataIndexTemplateService] [cycle6-local] adding component template [metrics-settings]
[2026-09-25T09:09:46,016][INFO ][o.e.c.m.MetadataIndexTemplateService] [cycle6-local] adding component template [.deprecation-indexing-mappings]
[2026-09-25T09:09:46,042][INFO ][o.e.c.m.MetadataIndexTemplateService] [cycle6-local] adding component template [.deprecation-indexing-settings]
[2026-09-25T09:09:46,079][INFO ][o.e.c.m.MetadataIndexTemplateService] [cycle6-local] adding index template [.watch-history-13] for index patterns [.watcher-history-13*]
[2026-09-25T09:09:46,108][INFO ][o.e.c.m.MetadataIndexTemplateService] [cycle6-local] adding index template [ilm-history] for index patterns [ilm-history-5*]
[2026-09-25T09:09:46,156][INFO ][o.e.c.m.MetadataIndexTemplateService] [cycle6-local] adding index template [.slm-history] for index patterns [.slm-history-5*]
[2026-09-25T09:09:46,200][INFO ][o.e.c.m.MetadataIndexTemplateService] [cycle6-local] adding index template [logs] for index patterns [logs-*-*]
[2026-09-25T09:09:46,229][INFO ][o.e.c.m.MetadataIndexTemplateService] [cycle6-local] adding index template [synthetics] for index patterns [synthetics-*-*]
[2026-09-25T09:09:46,269][INFO ][o.e.c.m.MetadataIndexTemplateService] [cycle6-local] adding index template [metrics] for index patterns [metrics-*-*]
[2026-09-25T09:09:46,300][INFO ][o.e.c.m.MetadataIndexTemplateService] [cycle6-local] adding index template [.deprecation-indexing-template] for index patterns [.logs-deprecation.*]
[2026-09-25T09:09:46,331][INFO ][o.e.x.i.a.TransportPutLifecycleAction] [cycle6-local] adding index lifecycle policy [365-days-default]
[2026-09-25T09:09:46,364][INFO ][o.e.x.i.a.TransportPutLifecycleAction] [cycle6-local] adding index lifecycle policy [30-days-default]
[2026-09-25T09:09:46,388][INFO ][o.e.x.i.a.TransportPutLifecycleAction] [cycle6-local] adding index lifecycle policy [7-days-default]
[2026-09-25T09:09:46,451][INFO ][o.e.x.i.a.TransportPutLifecycleAction] [cycle6-local] adding index lifecycle policy [metrics]
[2026-09-25T09:09:46,496][INFO ][o.e.x.i.a.TransportPutLifecycleAction] [cycle6-local] adding index lifecycle policy [180-days-default]
[2026-09-25T09:09:46,544][INFO ][o.e.x.i.a.TransportPutLifecycleAction] [cycle6-local] adding index lifecycle policy [90-days-default]
[2026-09-25T09:09:46,584][INFO ][o.e.x.i.a.TransportPutLifecycleAction] [cycle6-local] adding index lifecycle policy [synthetics]
[2026-09-25T09:09:46,625][INFO ][o.e.x.i.a.TransportPutLifecycleAction] [cycle6-local] adding index lifecycle policy [logs]
[2026-09-25T09:09:46,661][INFO ][o.e.x.i.a.TransportPutLifecycleAction] [cycle6-local] adding index lifecycle policy [watch-history-ilm-policy]
[2026-09-25T09:09:46,697][INFO ][o.e.x.i.a.TransportPutLifecycleAction] [cycle6-local] adding index lifecycle policy [ilm-history-ilm-policy]
[2026-09-25T09:09:46,736][INFO ][o.e.x.i.a.TransportPutLifecycleAction] [cycle6-local] adding index lifecycle policy [slm-history-ilm-policy]
[2026-09-25T09:09:46,775][INFO ][o.e.x.i.a.TransportPutLifecycleAction] [cycle6-local] adding index lifecycle policy [.deprecation-indexing-ilm-policy]
[2026-09-25T09:09:46,814][INFO ][o.e.x.i.a.TransportPutLifecycleAction] [cycle6-local] adding index lifecycle policy [.fleet-actions-results-ilm-policy]
[2026-09-25T09:09:46,978][INFO ][o.e.l.LicenseService     ] [cycle6-local] license [7cf3a781-e0b3-4a05-9f1a-ea894d6ba7fa] mode [basic] - valid
[2026-09-25T09:16:17,529][INFO ][o.e.c.m.MetadataCreateIndexService] [cycle6-local] [cycle6-082-4d2ff513726d] creating index, cause [api], templates [], shards [1]/[1]
[2026-09-25T09:16:17,900][INFO ][o.e.c.m.MetadataMappingService] [cycle6-local] [cycle6-082-4d2ff513726d/4wUHVmSxQz-JwTx2CWRa2Q] update_mapping [_doc]
[2026-09-25T09:17:14,186][INFO ][o.e.c.m.MetadataCreateIndexService] [cycle6-local] [cycle6-082-8a24fe2d0e80] creating index, cause [api], templates [], shards [1]/[1]
[2026-09-25T09:17:14,508][INFO ][o.e.c.m.MetadataMappingService] [cycle6-local] [cycle6-082-8a24fe2d0e80/jQD66eYlTIeJbSF1ffFFuQ] update_mapping [_doc]
