  0%|          | 0/5183 [00:00<?, ?it/s]100%|██████████| 5183/5183 [00:00<00:00, 289923.95it/s]
Batches:   0%|          | 0/1 [00:00<?, ?it/s]Batches: 100%|██████████| 1/1 [00:00<00:00, 143.33it/s]
Batches:   0%|          | 0/1 [00:00<?, ?it/s]Batches: 100%|██████████| 1/1 [00:00<00:00,  5.68it/s]Batches: 100%|██████████| 1/1 [00:00<00:00,  5.67it/s]
{
  "scope": "SMOKE: reduced corpus, not a benchmark",
  "n_documents": 16,
  "n_queries": 5,
  "metrics": {
    "recall_1": 0.0,
    "recall_10": 0.0,
    "recall_100": 0.0,
    "ndcg_cut_1": 0.0,
    "ndcg_cut_10": 0.0,
    "ndcg_cut_100": 0.0,
    "mrr_10": 0.0
  },
  "official_beir_rounded": [
    {
      "NDCG@1": 0.0,
      "NDCG@10": 0.0,
      "NDCG@100": 0.0
    },
    {
      "MAP@1": 0.0,
      "MAP@10": 0.0,
      "MAP@100": 0.0
    },
    {
      "Recall@1": 0.0,
      "Recall@10": 0.0,
      "Recall@100": 0.0
    },
    {
      "P@1": 0.0,
      "P@10": 0.0,
      "P@100": 0.0
    }
  ],
  "metric_max_error": 0.0
}
